// Jest Snapshot v1, https://goo.gl/fbAQLP

exports[`<Product /> should render with no error 1`] = `
<li
  class="sc-bdnylx dcpTIQ"
>
  <a
    href="/"
  >
    <div
      class="sc-gtssRu hQwYBx"
    >
      <img
        alt=""
        src="shoes-6.jpg"
      />
    </div>
  </a>
  <div
    class="sc-dlnjPT kMBBxv"
  >
    <span />
    <strong>
      R$2.00
    </strong>
  </div>
  <button
    type="button"
  >
    Comprar
  </button>
</li>
`;
