// Jest Snapshot v1, https://goo.gl/fbAQLP

exports[`Cart Page should render with no error 1`] = `
<div
  class="sc-kEqYlL eLcrsJ"
>
  <ul>
    <div
      class="sc-bdnylx etZtlu"
    >
      <header>
        <h2>
          Carrinho
        </h2>
      </header>
      <div
        class="sc-gtssRu fxVHSD"
      >
        <div
          class="sc-hKFyIo MkPwY"
        >
          <svg
            color="#5dbcd2"
            fill="currentColor"
            height="20"
            size="20"
            stroke="currentColor"
            stroke-width="0"
            style="color: rgb(93, 188, 210);"
            viewBox="0 0 16 16"
            width="20"
            xmlns="http://www.w3.org/2000/svg"
          >
            <path
              d="M1 2a1 1 0 011-1h2a1 1 0 011 1v2a1 1 0 01-1 1H2a1 1 0 01-1-1V2zm5 0a1 1 0 011-1h2a1 1 0 011 1v2a1 1 0 01-1 1H7a1 1 0 01-1-1V2zm5 0a1 1 0 011-1h2a1 1 0 011 1v2a1 1 0 01-1 1h-2a1 1 0 01-1-1V2zM1 7a1 1 0 011-1h2a1 1 0 011 1v2a1 1 0 01-1 1H2a1 1 0 01-1-1V7zm5 0a1 1 0 011-1h2a1 1 0 011 1v2a1 1 0 01-1 1H7a1 1 0 01-1-1V7zm5 0a1 1 0 011-1h2a1 1 0 011 1v2a1 1 0 01-1 1h-2a1 1 0 01-1-1V7zM1 12a1 1 0 011-1h2a1 1 0 011 1v2a1 1 0 01-1 1H2a1 1 0 01-1-1v-2zm5 0a1 1 0 011-1h2a1 1 0 011 1v2a1 1 0 01-1 1H7a1 1 0 01-1-1v-2zm5 0a1 1 0 011-1h2a1 1 0 011 1v2a1 1 0 01-1 1h-2a1 1 0 01-1-1v-2z"
            />
          </svg>
          <svg
            fill="currentColor"
            height="24"
            size="24"
            stroke="currentColor"
            stroke-width="0"
            viewBox="0 0 24 24"
            width="24"
            xmlns="http://www.w3.org/2000/svg"
          >
            <g>
              <path
                d="M0 0h24v24H0z"
                fill="none"
              />
              <path
                d="M11 3v18H4a1 1 0 0 1-1-1V4a1 1 0 0 1 1-1h7zm10 10v7a1 1 0 0 1-1 1h-7v-8h8zM20 3a1 1 0 0 1 1 1v7h-8V3h7z"
              />
            </g>
          </svg>
        </div>
      </div>
      <ul
        class="sc-eCApGN dHPBBU"
      />
      <div
        class="sc-jSFkmK hJWjD"
      >
        <svg
          color="#c61a28"
          fill="none"
          height="50"
          size="50"
          stroke="currentColor"
          stroke-linecap="round"
          stroke-linejoin="round"
          stroke-width="2"
          style="color: rgb(198, 26, 40);"
          viewBox="0 0 24 24"
          width="50"
          xmlns="http://www.w3.org/2000/svg"
        >
          <circle
            cx="9"
            cy="21"
            r="1"
          />
          <circle
            cx="20"
            cy="21"
            r="1"
          />
          <path
            d="M1 1h4l2.68 13.39a2 2 0 0 0 2 1.61h9.72a2 2 0 0 0 2-1.61L23 6H6"
          />
        </svg>
        <p>
          O carrinho está vazio.
        </p>
      </div>
    </div>
  </ul>
</div>
`;
